Add all 996

Add all 98

Add all 234
Alternate 117 change sign

Add all 80

condition not found.

Add all 18

condition not found.

Add all 114
Alternate 57 change sign

condition not found.

condition not found.

condition not found.

Add all 220

condition not found.

Add all 228
Alternate 114 change sign

condition not found.

condition not found.

condition not found.

Add all 18
Alternate 9 change sign

Add all 21

condition not found.

Add all 130

condition not found.

Add all 87

condition not found.

condition not found.

condition not found.

condition not found.

Add all 792

condition not found.

Add all 126

Add all 640

Add all 63

condition not found.

Add all 98
Alternate 49 change sign

condition not found.

Add all 46
Alternate 23 change sign

Add all 611

Add all 382
Alternate 191 change sign

Add all 46

condition not found.

Add all 1

condition not found.

condition not found.

Add all 300

condition not found.

condition not found.

Add all 348
Alternate 174 change sign

condition not found.

condition not found.

condition not found.

condition not found.

condition not found.

Add all 66
Alternate 33 change sign

condition not found.

Add all 828
Alternate 414 change sign

Add all 310

condition not found.

Add all 18

Rightmost 11

condition not found.

Add all 60

condition not found.

condition not found.

condition not found.

Add all 126

Add all 126
Alternate 63 change sign

Alternate 789 change sign

Add all 509

Add all 166

condition not found.

Add all 49

Add all 34
Alternate 17 change sign

condition not found.

Add all 330

condition not found.

Add all 390
Alternate 195 change sign

Add all 131

Add all 336

Add all 53

condition not found.

Add all 48

Add all 856

condition not found.

condition not found.

Add all 830

Add all 573

condition not found.

Add all 978

Alternate 551 change sign

condition not found.

condition not found.

condition not found.

Add all 72

Add all 30

Add all 190
Alternate 95 change sign

condition not found.

condition not found.

Add all 174
Alternate 87 change sign

Alternate 535 change sign

condition not found.
