18051
a
P
a
c
u
h
y
v
l
k
j
t
q
P
-
-
-
-
-
-
-
-
-
-
w
t
q
u
m
w
l
d
m
a
a
w
P
-
-
-
-
-
-
-
-
-
-
-
-
-
b
p
e
n
x
y
i
i
f
m
l
u
l
z
f
g
c
P
-
-
-
-
-
-
-
-
-
-
-
-
-
-
-
s
P
-
-
-
c
i
y
k
c
b
l
b
o
i
P
-
-
-
-
-
-
-
-
-
-
h
f
j
j
p
k
d
x
q
o
p
x
y
z
r
P
-
-
-
-
-
-
-
-
-
-
-
-
-
-
v
y
v
f
p
i
t
g
i
c
k
j
i
g
u
P
-
-
-
-
-
-
-
-
-
-
-
-
-
-
-
-
i
h
j
r
b
o
r
s
v
f
v
q
d
e
d
P
-
-
-
-
-
-
-
-
-
-
-
-
-
-
o
r
z
b
s
w
w
c
r
q
s
e
r
o
c
n
P
-
-
-
-
-
-
-
-
-
-
-
-
-
-
-
-
t
k
d
q
b
c
u
d
r
b
o
z
a
w
p
r
P
-
-
-
-
-
-
-
-
-
-
-
-
-
-
-
-
-
j
l
g
r
k
k
p
e
u
s
P
-
-
-
-
-
-
-
-
-
-
k
z
p
h
u
d
P
-
-
-
-
-
-
l
h
j
e
b
a
e
t
n
r
P
-
-
-
-
-
-
-
-
-
j
m
P
-
-
-
m
m
y
l
j
n
o
p
z
k
g
w
f
s
m
P
-
-
-
-
-
-
-
-
-
-
-
-
-
-
q
j
c
c
f
j
o
u
i
e
n
e
r
q
P
-
-
-
-
-
-
-
-
-
-
-
-
-
-
-
n
y
b
h
w
w
r
n
j
z
d
P
-
-
-
-
-
-
-
-
-
-
-
o
b
f
P
-
-
-
p
u
o
l
r
m
q
g
c
d
n
r
P
-
-
-
-
-
-
-
-
-
-
-
-
q
e
P
-
-
r
x
z
z
x
q
u
b
p
P
-
-
-
-
-
-
-
-
-
s
d
x
c
P
-
-
-
e
z
f
m
m
a
t
e
m
h
h
s
P
-
-
-
-
-
-
-
-
-
-
-
-
s
g
a
m
d
d
k
e
P
-
-
-
-
-
-
-
-
x
j
z
P
-
-
-
a
v
v
j
P
-
-
-
-
-
t
q
m
f
t
j
u
z
P
-
-
-
-
-
-
-
z
y
i
n
z
v
b
a
o
h
P
-
-
-
-
-
-
-
-
-
-
-
u
c
z
d
s
r
P
-
-
-
-
-
-
v
c
c
d
a
u
a
l
b
e
w
P
-
-
-
-
-
-
-
-
-
-
w
a
r
x
g
e
s
l
l
d
j
g
v
l
m
P
-
-
-
-
-
-
-
-
-
-
-
-
-
-
-
-
w
c
P
-
-
x
q
y
n
x
n
g
P
-
-
-
-
-
-
-
y
g
o
P
-
-
m
a
m
j
w
q
l
c
P
-
-
-
-
-
-
-
-
-
z
e
o
i
n
o
e
j
g
w
w
P
-
-
-
-
-
-
-
-
-
-
u
P
-
a
g
r
k
a
P
-
-
-
-
-
-
g
p
m
j
h
f
g
i
w
P
-
-
-
-
-
-
-
-
s
f
t
n
c
s
p
s
m
P
-
-
-
-
-
-
-
-
-
-
-
b
P
a
f
w
y
e
p
u
h
o
g
z
y
p
p
j
P
-
-
-
-
-
-
-
-
-
-
-
-
-
-
s
c
c
b
e
c
c
n
o
e
z
P
-
-
-
-
-
-
-
-
-
-
-
-
b
j
P
-
-
c
c
s
a
y
p
z
h
q
f
n
c
q
v
d
u
P
-
-
-
-
-
-
-
-
-
-
-
-
-
-
-
d
f
l
n
b
h
q
m
a
w
f
e
t
n
t
P
-
-
-
-
-
-
-
-
-
-
-
-
-
-
-
-
d
n
b
m
P
-
-
-
u
x
h
t
g
a
m
m
n
t
z
P
-
-
-
-
-
-
-
-
-
-
-
-
e
s
h
s
s
x
t
g
P
-
-
-
-
-
-
-
-
h
b
i
v
m
f
j
n
m
g
z
k
q
m
d
u
P
-
-
-
-
-
-
-
-
-
-
-
-
-
-
-
w
b
j
w
h
x
y
b
o
r
g
j
p
i
P
-
-
-
-
-
-
-
-
-
-
-
-
-
-
x
e
a
r
g
P
-
-
-
-
-
-
j
p
y
v
t
b
m
f
a
v
P
-
-
-
-
-
-
-
-
-
-
k
u
y
w
i
s
z
b
m
e
f
c
P
-
-
-
-
-
-
-
-
-
-
-
-
l
P
p
g
n
f
t
j
P
-
-
-
-
-
-
-
m
n
z
s
c
g
e
P
-
-
-
-
-
-
-
n
c
t
z
m
w
r
l
h
j
u
P
-
-
-
-
-
-
-
-
-
-
k
r
l
x
e
v
o
g
m
z
P
-
-
-
-
-
-
-
-
-
-
n
k
z
q
P
-
-
-
-
-
o
z
t
q
g
r
z
e
y
f
P
-
-
-
-
-
-
-
-
-
-
p
j
q
z
t
m
n
c
v
j
g
P
-
-
-
-
-
-
-
-
-
-
-
q
P
-
r
j
w
u
c
o
i
y
b
j
r
j
t
u
u
e
P
-
-
-
-
-
-
-
-
-
-
-
-
-
-
-
v
g
q
k
h
c
t
q
l
t
p
n
P
-
-
-
-
-
-
-
-
-
-
-
-
w
e
e
w
s
o
o
y
o
e
y
w
P
-
-
-
-
-
-
-
-
-
-
-
-
x
h
f
r
y
r
h
h
x
q
s
P
-
-
-
-
-
-
-
-
-
-
-
-
t
r
n
q
j
h
u
v
k
y
P
-
-
-
-
-
-
-
-
-
a
g
e
P
-
-
-
-
u
P
-
w
y
v
a
s
a
z
i
s
d
p
s
P
-
-
-
-
-
-
-
-
-
-
-
-
x
l
v
j
o
p
P
-
-
-
-
-
-
y
l
x
a
r
q
i
j
P
-
-
-
-
-
-
-
-
z
x
s
p
P
-
-
-
-
g
m
b
P
-
-
s
P
-
-
-
c
P
a
b
j
w
l
p
i
e
e
x
s
x
g
z
u
y
P
-
-
-
-
-
-
-
-
-
-
-
-
-
-
-
m
y
h
x
P
-
-
-
-
-
b
w
e
y
h
l
v
b
y
n
s
x
n
P
-
-
-
-
-
-
-
-
-
-
-
-
-
c
q
t
j
m
P
-
-
-
-
u
q
v
u
f
o
j
o
y
n
x
i
l
t
P
-
-
-
-
-
-
-
-
-
-
-
-
-
-
-
e
h
o
y
k
P
-
-
-
-
m
j
r
q
u
P
-
-
-
-
-
-
f
c
j
q
y
u
e
d
m
f
i
P
-
-
-
-
-
-
-
-
-
-
-
h
o
m
k
o
v
j
P
-
-
-
-
-
-
-
i
c
l
c
z
P
-
-
-
-
v
k
P
-
-
z
f
t
d
v
l
r
g
u
o
z
d
o
P
-
-
-
-
-
-
-
-
-
-
-
-
-
-
j
y
b
s
r
b
y
j
j
d
i
P
-
-
-
-
-
-
-
-
-
-
-
k
t
s
z
n
w
n
b
y
g
q
c
g
P
-
-
-
-
-
-
-
-
-
-
-
-
-
n
v
x
n
w
c
v
b
u
i
d
a
e
x
a
P
-
-
-
-
-
-
-
-
-
-
-
-
-
-
-
o
l
l
x
r
f
g
g
i
j
P
-
-
-
-
-
-
-
-
-
-
p
e
q
b
j
o
i
j
P
-
-
-
-
-
-
-
l
t
s
P
-
-
-
s
v
P
-
-
-
r
g
c
w
t
l
n
l
v
w
i
t
h
f
o
z
m
P
-
-
-
-
-
-
-
-
-
-
-
-
-
-
-
-
z
m
q
n
t
P
-
-
-
-
-
-
s
k
a
g
a
r
z
s
s
g
P
-
-
-
-
-
-
-
-
-
q
w
t
k
p
k
t
P
-
-
-
-
-
-
-
v
q
P
-
-
-
t
o
l
t
P
-
-
-
-
v
i
y
b
p
P
-
-
-
-
u
b
g
a
r
d
u
r
g
d
l
p
l
z
P
-
-
-
-
-
-
-
-
-
-
-
-
-
-
-
w
i
q
q
j
h
b
P
-
-
-
-
-
-
o
w
q
t
v
x
p
o
s
f
q
b
t
u
e
P
-
-
-
-
-
-
-
-
-
-
-
-
-
-
-
-
x
j
z
t
w
h
p
v
e
y
h
f
x
z
P
-
-
-
-
-
-
-
-
-
-
-
-
-
-
y
P
f
g
t
d
r
w
a
l
a
p
c
v
h
i
P
-
-
-
-
-
-
-
-
-
-
-
-
-
-
-
z
v
f
f
q
o
m
P
-
-
-
-
-
-
-
-
d
a
P
-
b
t
n
d
q
j
j
p
o
u
j
x
c
m
z
v
q
P
-
-
-
-
-
-
-
-
-
-
-
-
-
-
-
-
-
c
P
u
r
a
o
c
P
-
-
-
-
-
-
d
o
f
g
n
d
z
l
y
l
y
w
c
p
P
-
-
-
-
-
-
-
-
-
-
-
-
-
-
e
j
h
x
z
l
v
x
v
h
b
w
m
z
x
u
P
-
-
-
-
-
-
-
-
-
-
-
-
-
-
-
-
f
g
P
-
h
x
z
d
k
P
-
-
-
-
-
q
h
i
c
l
r
w
r
t
n
o
P
-
-
-
-
-
-
-
-
-
-
-
w
a
e
e
g
P
-
-
-
-
-
-
h
d
w
z
s
z
o
i
d
u
t
s
p
c
P
-
-
-
-
-
-
-
-
-
-
-
-
-
e
g
e
s
w
d
P
-
-
-
-
-
-
-
i
y
w
y
v
P
-
-
-
-
z
o
x
P
-
-
-
-
j
P
-
k
f
y
x
P
-
-
-
m
n
v
v
v
k
b
u
m
t
t
b
a
h
j
t
P
-
-
-
-
-
-
-
-
-
-
-
-
-
-
-
-
-
o
s
n
p
l
c
p
z
g
k
i
l
o
a
v
u
P
-
-
-
-
-
-
-
-
-
-
-
-
-
-
-
-
p
e
b
l
c
m
g
h
t
t
y
w
P
-
-
-
-
-
-
-
-
-
-
-
f
l
l
m
t
b
h
z
b
e
h
b
o
k
z
c
P
-
-
-
-
-
-
-
-
-
-
-
-
-
-
-
-
w
r
i
k
m
n
P
-
-
-
-
-
-
-
q
i
u
u
P
-
-
-
w
r
g
p
l
x
P
-
-
-
-
-
-
-
s
b
s
c
r
z
e
n
d
p
i
o
P
-
-
-
-
-
-
-
-
-
-
-
c
t
z
x
x
a
g
j
b
s
i
v
w
j
P
-
-
-
-
-
-
-
-
-
-
-
-
-
-
n
p
x
e
P
-
-
-
-
-
t
e
j
s
y
i
f
w
a
m
j
k
u
s
r
o
P
-
-
-
-
-
-
-
-
-
-
-
-
-
-
-
o
y
l
x
y
f
p
y
m
y
P
-
-
-
-
-
-
-
-
-
-
u
f
a
g
b
w
l
q
z
m
d
z
P
-
-
-
-
-
-
-
-
-
-
-
-
-
u
g
c
x
x
c
p
g
x
x
g
p
u
u
a
P
-
-
-
-
-
-
-
-
-
-
-
-
-
-
-
v
y
q
d
v
l
r
f
d
z
P
-
-
-
-
-
-
-
-
-
-
w
f
u
f
a
c
m
d
z
o
f
x
e
f
P
-
-
-
-
-
-
-
-
-
-
-
-
-
-
x
P
i
y
p
m
P
-
-
-
-
x
l
b
t
s
i
v
v
m
m
i
s
P
-
-
-
-
-
-
-
-
-
-
-
-
-
y
b
n
y
u
x
b
r
f
P
-
-
-
-
-
-
-
-
x
P
-
a
y
h
j
o
m
w
l
t
w
d
l
j
z
c
P
-
-
-
-
-
-
-
-
-
-
-
-
-
-
-
-
g
f
p
v
f
a
t
y
v
p
n
p
z
a
g
r
f
P
-
-
-
-
-
-
-
-
-
-
-
-
-
-
-
-
u
h
i
w
i
a
e
f
g
j
s
h
z
g
P
-
-
-
-
-
-
-
-
-
-
-
-
-
-
-
-
e
a
k
s
f
g
b
f
n
z
z
u
u
c
t
y
o
e
P
-
-
-
-
-
-
-
-
-
-
-
-
-
-
-
-
-
d
e
y
u
x
w
h
r
g
e
l
q
y
P
-
-
-
-
-
-
-
-
-
-
-
-
g
v
n
j
c
j
c
n
q
q
j
o
z
P
-
-
-
-
-
-
-
-
-
-
-
-
-
i
f
i
l
n
j
v
P
-
-
-
-
-
-
-
-
e
b
x
x
u
y
s
i
y
b
r
m
d
P
-
-
-
-
-
-
-
-
-
-
-
-
g
k
w
l
n
p
h
p
y
j
v
P
-
-
-
-
-
-
-
-
-
-
-
o
c
z
i
u
z
j
w
j
q
y
P
-
-
-
-
-
-
-
-
-
-
-
-
f
g
c
n
i
f
v
b
x
c
n
o
n
t
h
x
P
-
-
-
-
-
-
-
-
-
-
-
-
-
-
u
v
P
-
-
-
-
i
z
a
o
d
s
P
-
-
-
-
-
a
w
g
l
w
P
-
-
-
-
-
-
j
b
q
d
m
f
c
P
-
-
-
-
-
-
g
q
u
v
c
h
u
q
u
s
o
x
m
g
P
-
-
-
-
-
-
-
-
-
-
-
-
-
-
u
P
-
-
k
f
e
p
l
l
f
d
P
-
-
-
-
-
-
-
k
o
o
g
w
b
u
k
j
P
-
-
-
-
-
-
-
-
-
r
b
p
j
b
z
f
b
g
P
-
-
-
-
-
-
-
-
-
-
l
i
g
e
P
-
-
-
-
m
o
s
c
p
t
i
a
P
-
-
-
-
-
-
-
t
P
-
-
n
p
j
y
l
l
w
t
P
-
-
-
-
-
-
-
u
a
s
k
f
P
-
-
-
-
-
-
o
t
a
f
z
e
p
m
s
n
w
p
v
P
-
-
-
-
-
-
-
-
-
-
-
-
x
d
m
l
v
t
x
l
g
a
f
m
x
k
P
-
-
-
-
-
-
-
-
-
-
-
-
-
-
-
p
j
q
a
t
g
c
g
x
v
h
s
f
p
s
c
P
-
-
-
-
-
-
-
-
-
-
-
-
-
-
-
-
q
n
s
P
-
-
q
w
o
r
k
t
j
j
h
i
l
p
d
z
P
-
-
-
-
-
-
-
-
-
-
-
-
-
-
y
j
m
t
x
g
P
-
-
-
-
-
-
-
r
i
l
p
s
k
v
v
P
-
-
-
-
-
-
-
-
s
i
b
d
b
c
z
c
g
q
y
g
c
m
m
g
P
-
-
-
-
-
-
-
-
-
-
-
-
-
-
-
-
t
q
a
x
a
P
-
-
-
-
-
u
l
p
u
r
s
b
e
m
w
P
-
-
-
-
-
-
-
-
-
m
u
d
d
P
-
-
-
-
-
v
j
w
z
c
u
P
-
-
-
-
-
-
w
i
s
x
k
o
q
y
u
r
y
f
g
P
-
-
-
-
-
-
-
-
-
-
-
-
-
x
p
q
z
k
y
f
r
p
e
b
l
o
y
c
b
P
-
-
-
-
-
-
-
-
-
-
-
-
-
-
s
s
s
a
h
i
j
t
n
r
u
f
m
m
s
P
-
-
-
-
-
-
-
-
-
-
-
-
-
-
-
-
-
y
b
a
p
z
f
e
v
P
-
-
-
-
-
-
-
-
z
b
i
s
r
j
v
a
e
v
u
P
-
-
-
-
-
-
-
-
-
-
c
z
d
k
r
c
f
h
o
s
p
l
t
y
z
m
P
-
-
-
-
-
-
-
-
-
-
-
-
-
-
-
-
e
h
f
q
b
g
u
q
P
-
-
-
-
-
-
-
-
r
r
s
x
e
p
t
r
y
P
-
-
-
-
-
-
-
-
-
-
-
f
P
a
q
h
w
g
g
h
w
c
y
k
p
j
i
P
-
-
-
-
-
-
-
-
-
-
-
-
-
y
q
c
q
k
l
w
e
k
l
i
o
l
j
v
w
P
-
-
-
-
-
-
-
-
-
-
-
-
-
-
-
-
-
b
p
p
h
a
b
j
a
q
u
f
v
h
r
i
P
-
-
-
-
-
-
-
-
-
-
-
-
-
-
-
c
g
i
P
-
-
-
d
b
d
o
t
j
l
s
e
o
s
p
P
-
-
-
-
-
-
-
-
-
-
-
v
j
r
m
l
l
t
v
q
P
-
-
-
-
-
-
-
-
-
-
e
s
j
a
q
t
P
-
-
-
-
-
a
c
g
g
r
f
k
q
l
s
p
l
b
j
q
w
P
-
-
-
-
-
-
-
-
-
-
-
-
-
-
-
-
-
f
i
j
h
n
o
n
j
y
P
-
-
-
-
-
-
-
-
-
h
P
g
q
l
d
t
m
s
i
y
P
-
-
-
-
-
-
-
-
-
t
i
j
a
v
P
-
-
-
-
-
-
j
g
j
p
b
b
m
i
g
m
e
l
g
v
o
z
P
-
-
-
-
-
-
-
-
-
-
-
-
-
-
-
l
y
x
w
t
v
h
m
m
k
a
i
v
m
q
P
-
-
-
-
-
-
-
-
-
-
-
-
-
-
-
-
k
i
z
h
P
-
-
-
m
q
a
a
w
P
-
-
-
-
-
r
q
c
j
o
s
e
p
b
a
P
-
-
-
-
-
-
-
-
-
-
z
k
s
w
b
s
r
r
u
l
q
P
-
-
-
-
-
-
-
-
-
-
-
-
l
q
r
w
f
v
l
e
P
-
-
-
-
-
-
-
-
m
x
f
a
d
e
j
s
d
a
P
-
-
-
-
-
-
-
-
-
-
n
r
q
n
u
q
u
x
a
b
p
r
t
P
-
-
-
-
-
-
-
-
-
-
-
-
u
h
r
j
z
b
P
-
-
-
-
-
-
-
p
d
h
p
k
f
m
y
z
y
t
u
l
u
a
x
P
-
-
-
-
-
-
-
-
-
-
-
-
-
-
-
x
w
q
a
j
a
a
k
h
i
b
d
r
h
P
-
-
-
-
-
-
-
-
-
-
-
-
-
-
a
s
q
j
k
d
d
q
q
r
P
-
-
-
-
-
-
-
-
-
-
-
q
q
P
-
u
d
g
P
-
-
-
-
r
i
P
-
q
f
P
-
-
-
s
d
m
p
w
e
k
s
i
o
P
-
-
-
-
-
-
-
-
-
s
z
h
z
s
t
o
m
l
m
w
l
n
a
t
P
-
-
-
-
-
-
-
-
-
-
-
-
-
-
-
-
v
p
n
w
q
a
i
u
b
s
z
z
v
a
P
-
-
-
-
-
-
-
-
-
-
-
-
-
q
l
e
l
d
t
c
a
n
l
P
-
-
-
-
-
-
-
-
-
-
x
j
c
z
m
e
P
-
-
-
-
-
-
a
q
t
b
v
n
l
k
v
h
t
z
q
b
w
y
P
-
-
-
-
-
-
-
-
-
-
-
-
-
-
-
-
-
w
m
y
o
p
x
o
z
o
h
l
v
t
j
P
-
-
-
-
-
-
-
-
-
-
-
-
-
-
y
r
j
x
g
u
o
k
n
k
P
-
-
-
-
-
-
-
-
-
-
g
n
y
g
z
l
g
P
-
-
-
-
-
-
s
f
b
g
f
t
b
u
j
P
-
-
-
-
-
-
-
-
p
p
q
y
o
g
y
u
k
P
-
-
-
-
-
-
-
-
-
-
x
o
n
c
m
u
g
q
r
z
P
-
-
-
-
-
-
-
-
-
-
-
-
g
P
a
i
o
a
y
l
i
q
x
o
j
P
-
-
-
-
-
-
-
-
-
-
n
f
d
p
d
i
w
y
t
f
P
-
-
-
-
-
-
-
-
-
-
-
b
z
c
u
j
o
y
a
u
s
b
w
P
-
-
-
-
-
-
-
-
-
-
-
-
c
d
t
w
x
b
P
-
-
-
-
-
v
i
p
l
d
z
u
f
i
v
y
x
k
d
l
P
-
-
-
-
-
-
-
-
-
-
-
-
-
-
-
-
d
P
u
j
q
l
m
v
c
n
P
-
-
-
-
-
-
-
-
v
c
e
s
d
a
o
n
q
n
P
-
-
-
-
-
-
-
-
-
-
a
z
l
v
p
s
b
t
p
e
P
-
-
-
-
-
-
-
-
-
-
-
h
m
r
b
w
u
x
u
v
n
b
t
t
t
l
e
d
P
-
-
-
-
-
-
-
-
-
-
-
-
-
-
-
-
-
j
e
y
l
P
-
-
-
j
s
v
h
f
z
l
h
z
t
u
s
d
h
o
o
P
-
-
-
-
-
-
-
-
-
-
-
-
-
-
-
-
-
k
q
q
m
o
k
P
-
-
-
-
-
-
m
w
z
n
e
b
g
P
-
-
-
-
-
-
-
n
l
d
s
u
k
p
w
f
s
a
g
P
-
-
-
-
-
-
-
-
-
-
g
x
p
z
b
h
j
x
P
-
-
-
-
-
-
-
-
-
x
l
h
i
l
P
-
-
-
-
m
d
h
i
b
e
l
e
l
x
a
g
z
P
-
-
-
-
-
-
-
-
-
-
-
-
-
-
z
o
e
b
o
q
f
j
P
-
-
-
-
-
-
-
-
-
o
P
h
k
k
m
b
k
w
b
b
d
P
-
-
-
-
-
-
-
-
-
-
t
z
P
-
-
-
p
e
c
p
u
y
s
v
P
-
-
-
-
-
-
-
a
n
r
u
m
P
-
-
-
-
-
-
q
a
g
w
n
f
y
P
-
-
-
-
-
-
-
r
c
x
a
f
n
m
b
t
r
s
h
P
-
-
-
-
-
-
-
-
-
-
-
q
k
f
P
-
-
-
-
s
s
z
b
n
f
P
-
-
-
-
-
z
t
j
h
k
u
k
u
l
o
a
q
p
w
g
P
-
-
-
-
-
-
-
-
-
-
-
-
-
-
-
-
t
P
l
n
u
u
e
r
w
c
q
s
k
m
p
x
v
P
-
-
-
-
-
-
-
-
-
-
-
-
-
-
-
-
u
b
t
w
g
c
k
v
P
-
-
-
-
-
-
-
d
a
q
t
z
c
d
i
v
g
u
q
n
P
-
-
-
-
-
-
-
-
-
-
-
-
-
m
v
z
t
k
q
g
m
c
y
l
s
P
-
-
-
-
-
-
-
-
-
-
-
-
s
o
o
a
s
d
b
g
o
y
t
g
c
f
e
P
-
-
-
-
-
-
-
-
-
-
-
-
-
-
-
-
v
m
l
r
r
j
z
n
d
x
k
k
p
k
x
k
P
-
-
-
-
-
-
-
-
-
-
-
-
-
-
-
q
g
o
P
-
-
-
t
a
j
k
s
P
-
-
-
-
-
-
y
g
c
i
i
s
f
i
w
p
P
-
-
-
-
-
-
-
-
-
h
u
z
f
P
-
-
-
-
y
P
b
P
-
-
-
z
g
z
c
g
h
y
u
P
-
-
-
-
-
-
-
h
c
g
P
-
-
-
-
g
P
w
p
k
x
x
e
e
l
h
w
k
x
P
-
-
-
-
-
-
-
-
-
-
-
-
y
i
r
f
x
x
n
d
q
P
-
-
-
-
-
-
-
-
-
-
-
h
P
a
c
z
q
v
k
k
p
r
h
x
a
z
P
-
-
-
-
-
-
-
-
-
-
-
-
e
f
d
x
d
f
c
y
P
-
-
-
-
-
-
-
-
y
u
f
e
e
P
-
-
-
-
-
-
b
i
b
n
e
h
i
y
z
c
r
j
P
-
-
-
-
-
-
-
-
-
-
-
-
c
P
u
P
-
-
e
P
-
f
z
m
p
k
p
P
-
-
-
-
s
f
j
y
P
-
-
-
-
-
-
h
f
d
P
-
-
h
q
y
s
i
j
P
-
-
-
-
-
-
q
P
-
-
j
o
o
l
w
P
-
-
-
-
-
k
g
n
q
q
g
h
m
P
-
-
-
-
-
-
-
k
a
x
l
i
c
w
v
f
a
e
P
-
-
-
-
-
-
-
-
-
-
e
k
c
p
w
x
n
l
P
-
-
-
-
-
-
-
-
-
s
c
g
r
n
w
l
s
n
d
P
-
-
-
-
-
-
-
-
-
-
y
a
h
v
j
b
n
P
-
-
-
-
-
-
-
-
l
b
p
q
m
s
l
w
t
g
r
c
n
P
-
-
-
-
-
-
-
-
-
-
-
-
-
m
y
s
a
r
z
e
d
w
d
P
-
-
-
-
-
-
-
-
-
a
k
v
v
w
t
g
m
p
o
t
o
j
r
m
P
-
-
-
-
-
-
-
-
-
-
-
-
-
-
-
-
n
j
q
s
i
l
m
P
-
-
-
-
-
-
-
o
m
u
h
n
y
o
h
g
u
P
-
-
-
-
-
-
-
-
-
-
p
g
e
g
f
a
q
c
m
w
x
c
k
t
y
P
-
-
-
-
-
-
-
-
-
-
-
-
-
-
-
s
d
e
h
m
m
s
v
g
u
y
f
m
d
f
v
b
P
-
-
-
-
-
-
-
-
-
-
-
-
-
-
-
-
l
m
y
c
p
v
v
b
P
-
-
-
-
-
-
-
-
x
u
n
q
w
r
j
l
P
-
-
-
-
-
-
-
-
-
u
q
t
z
u
z
u
q
v
q
x
q
n
n
k
P
-
-
-
-
-
-
-
-
-
-
-
-
-
-
-
v
i
l
b
a
w
P
-
-
-
-
-
m
e
P
-
-
t
a
o
m
t
s
v
f
n
l
P
-
-
-
-
-
-
-
-
-
-
z
m
h
v
j
y
s
a
k
v
v
e
v
P
-
-
-
-
-
-
-
-
-
-
-
-
-
-
x
l
q
u
y
n
m
e
z
x
u
d
r
P
-
-
-
-
-
-
-
-
-
-
-
-
u
P
-
-
y
f
y
u
P
-
-
-
s
h
k
c
t
m
k
p
f
P
-
-
-
-
-
-
-
-
-
w
p
a
g
r
j
g
s
P
-
-
-
-
-
-
-
-
-
z
d
q
l
y
n
l
s
n
P
-
-
-
-
-
-
-
-
i
P
-
-
g
m
P
-
-
-
i
P
b
m
x
a
k
k
o
r
f
s
P
-
-
-
-
-
-
-
-
-
q
i
n
v
s
d
w
v
o
x
z
g
P
-
-
-
-
-
-
-
-
-
-
-
-
s
a
b
f
r
y
d
P
-
-
-
-
-
-
-
x
q
P
-
-
-
c
p
t
k
v
q
d
z
l
P
-
-
-
-
-
-
-
-
-
e
t
v
s
P
-
-
-
u
k
j
p
P
-
-
-
-
y
r
k
m
f
p
w
P
-
-
-
-
-
-
-
-
f
j
n
n
g
w
h
v
z
m
o
P
-
-
-
-
-
-
-
-
-
-
-
h
x
f
b
v
u
h
u
P
-
-
-
-
-
-
-
-
i
g
w
g
b
d
P
-
-
-
-
-
w
c
P
-
-
-
j
i
g
r
P
-
-
-
-
k
P
n
c
f
l
k
j
z
w
p
g
e
i
i
u
o
P
-
-
-
-
-
-
-
-
-
-
-
-
-
-
-
y
p
e
z
w
e
k
e
f
q
y
q
x
h
e
x
P
-
-
-
-
-
-
-
-
-
-
-
-
-
-
-
-
-
m
h
g
p
a
i
h
u
f
u
P
-
-
-
-
-
-
-
-
-
p
d
w
l
o
l
a
i
y
q
f
s
x
n
l
P
-
-
-
-
-
-
-
-
-
-
-
-
-
-
-
-
n
z
z
e
x
m
z
P
-
-
-
-
-
-
-
p
c
f
m
i
a
P
-
-
-
-
-
j
o
l
p
p
f
m
y
i
j
s
l
s
z
P
-
-
-
-
-
-
-
-
-
-
-
-
-
-
-
q
e
u
h
z
t
e
g
m
p
a
w
m
o
d
h
g
P
-
-
-
-
-
-
-
-
-
-
-
-
-
-
-
-
s
v
P
-
-
-
r
l
z
f
t
q
h
k
j
a
g
n
u
s
o
e
t
P
-
-
-
-
-
-
-
-
-
-
-
-
-
-
-
-
v
w
i
c
x
P
-
-
-
-
-
-
s
f
o
k
k
P
-
-
-
-
-
u
o
o
p
a
h
p
b
P
-
-
-
-
-
-
-
-
v
c
n
n
b
v
o
m
u
t
t
k
u
u
z
d
i
P
-
-
-
-
-
-
-
-
-
-
-
-
-
-
-
-
e
x
y
d
z
s
v
l
q
b
v
P
-
-
-
-
-
-
-
-
-
-
-
-
w
b
k
f
b
h
e
c
a
w
v
d
h
w
i
m
P
-
-
-
-
-
-
-
-
-
-
-
-
-
-
-
w
v
w
k
g
u
z
x
y
P
-
-
-
-
-
-
-
-
-
-
z
j
u
n
r
u
b
r
o
q
b
P
-
-
-
-
-
-
-
-
-
-
y
z
c
e
p
f
j
l
h
m
p
d
P
-
-
-
-
-
-
-
-
-
-
-
-
-
g
b
n
c
q
P
-
-
-
-
-
-
j
P
b
l
p
q
t
p
b
g
r
f
v
u
p
f
s
x
f
P
-
-
-
-
-
-
-
-
-
-
-
-
-
-
-
-
-
c
g
f
g
b
g
b
v
y
r
k
d
b
u
k
p
x
P
-
-
-
-
-
-
-
-
-
-
-
-
-
-
-
-
-
d
s
y
r
r
P
-
-
-
-
y
e
a
r
k
t
h
l
w
P
-
-
-
-
-
-
-
-
-
-
e
b
q
r
u
i
h
z
n
x
t
q
i
v
q
P
-
-
-
-
-
-
-
-
-
-
-
-
-
-
k
w
a
e
x
y
k
P
-
-
-
-
-
-
-
u
P
-
-
f
r
a
m
d
h
P
-
-
-
-
-
t
P
-
v
h
u
m
b
f
w
k
g
v
u
d
o
P
-
-
-
-
-
-
-
-
-
-
-
-
p
b
y
v
y
w
e
z
m
P
-
-
-
-
-
-
-
-
-
-
-
h
j
P
-
-
i
o
m
o
l
w
e
t
s
n
v
k
l
P
-
-
-
-
-
-
-
-
-
-
-
-
s
r
d
P
-
-
-
w
x
c
s
m
n
n
c
w
b
d
g
l
m
P
-
-
-
-
-
-
-
-
-
-
-
-
-
-
-
j
P
r
P
-
-
k
s
P
-
-
l
e
j
k
y
f
e
x
s
z
e
w
s
r
p
n
d
P
-
-
-
-
-
-
-
-
-
-
-
-
-
-
-
-
k
b
a
m
h
n
z
P
-
-
-
-
-
-
-
-
m
q
s
m
k
s
v
e
j
e
P
-
-
-
-
-
-
-
-
-
w
x
v
v
w
f
r
h
e
i
v
P
-
-
-
-
-
-
-
-
-
-
-
-
n
c
x
a
z
q
f
u
y
d
z
t
k
f
P
-
-
-
-
-
-
-
-
-
-
-
-
-
-
q
g
w
b
q
k
p
P
-
-
-
-
-
-
q
P
-
a
y
m
i
s
j
n
b
c
e
m
q
c
P
-
-
-
-
-
-
-
-
-
-
-
-
-
-
r
p
s
z
z
u
l
g
j
q
P
-
-
-
-
-
-
-
-
-
-
s
g
f
l
i
r
x
t
t
w
P
-
-
-
-
-
-
-
-
-
i
w
u
h
a
b
i
v
z
P
-
-
-
-
-
-
-
-
-
-
t
j
f
n
l
n
y
q
r
t
h
v
q
o
i
P
-
-
-
-
-
-
-
-
-
-
-
-
-
-
-
u
a
k
x
g
h
x
m
e
m
h
d
k
v
n
P
-
-
-
-
-
-
-
-
-
-
-
-
-
-
-
v
y
f
o
h
h
p
g
m
j
x
P
-
-
-
-
-
-
-
-
-
-
-
z
P
-
g
j
j
l
g
d
n
z
c
a
p
n
m
b
z
a
y
P
-
-
-
-
-
-
-
-
-
-
-
-
-
-
-
-
-
-
k
P
a
y
r
e
P
-
-
-
-
b
f
y
r
l
h
q
o
a
x
i
e
p
s
P
-
-
-
-
-
-
-
-
-
-
-
-
-
r
p
o
l
r
a
l
u
a
f
h
h
z
P
-
-
-
-
-
-
-
-
-
-
-
-
-
s
z
u
s
v
r
m
p
q
b
i
n
g
u
q
P
-
-
-
-
-
-
-
-
-
-
-
-
-
-
-
w
l
x
P
-
-
-
y
z
r
p
P
-
-
-
-
-
c
k
t
k
q
d
r
m
y
x
m
y
d
h
o
P
-
-
-
-
-
-
-
-
-
-
-
-
-
-
z
t
i
h
w
w
g
s
c
x
z
p
P
-
-
-
-
-
-
-
-
-
-
-
-
-
d
P
d
c
g
e
p
s
l
j
d
P
-
-
-
-
-
-
-
-
-
e
t
l
k
j
n
w
l
P
-
-
-
-
-
-
-
-
x
w
d
f
x
P
-
-
-
-
-
-
e
b
d
j
h
m
l
d
i
z
e
a
u
P
-
-
-
-
-
-
-
-
-
-
-
-
f
b
x
g
w
a
n
c
z
d
s
t
m
s
j
P
-
-
-
-
-
-
-
-
-
-
-
-
-
-
-
t
c
y
g
P
-
-
-
-
-
h
g
g
p
e
l
P
-
-
-
-
-
u
a
p
b
o
a
s
r
s
r
P
-
-
-
-
-
-
-
-
-
m
P
-
-
-
i
x
c
r
e
k
d
g
d
e
a
l
r
g
k
h
o
P
-
-
-
-
-
-
-
-
-
-
-
-
-
-
-
-
-
j
i
n
a
m
o
p
u
d
e
P
-
-
-
-
-
-
-
-
-
w
m
t
s
w
m
o
P
-
-
-
-
-
-
-
y
m
u
f
m
f
b
P
-
-
-
-
-
-
-
-
k
d
a
v
q
c
d
f
i
j
P
-
-
-
-
-
-
-
-
-
n
v
m
v
a
c
d
x
P
-
-
-
-
-
-
-
-
-
l
f
d
o
m
i
m
r
u
y
w
a
P
-
-
-
-
-
-
-
-
-
-
-
m
l
a
r
d
e
b
l
g
n
n
q
j
P
-
-
-
-
-
-
-
-
-
-
-
-
-
y
P
-
-
n
e
v
b
p
v
v
u
w
v
g
n
P
-
-
-
-
-
-
-
-
-
-
-
i
p
c
m
P
-
-
-
-
-
o
n
j
i
b
g
i
e
a
m
j
r
x
P
-
-
-
-
-
-
-
-
-
-
-
-
-
p
l
u
q
i
h
z
f
t
k
o
f
v
i
p
i
b
P
-
-
-
-
-
-
-
-
-
-
-
-
-
-
-
-
z
x
d
e
n
p
x
P
-
-
-
-
-
-
-
-
q
k
g
d
n
m
u
d
p
q
e
r
r
P
-
-
-
-
-
-
-
-
-
-
-
-
-
s
z
p
n
j
l
g
j
d
k
P
-
-
-
-
-
-
-
-
-
-
t
y
P
-
-
u
x
h
c
g
s
t
n
n
g
z
a
P
-
-
-
-
-
-
-
-
-
-
-
-
v
l
i
j
x
o
P
-
-
-
-
-
-
w
P
i
e
b
x
g
e
w
i
u
a
x
P
-
-
-
-
-
-
-
-
-
-
-
p
c
m
b
d
P
-
-
-
-
-
x
l
o
c
i
l
h
q
p
u
l
P
-
-
-
-
-
-
-
-
-
-
-
-
z
f
o
a
a
a
s
z
m
c
x
i
m
z
P
-
-
-
-
-
-
-
-
-
-
-
-
-
-
g
p
d
q
h
t
c
b
c
h
o
d
r
s
j
P
-
-
-
-
-
-
-
-
-
-
-
-
-
-
-
-
m
b
g
c
p
j
r
p
t
d
q
r
a
k
P
-
-
-
-
-
-
-
-
-
-
-
-
j
p
p
f
t
a
x
h
P
-
-
-
-
-
-
-
-
u
q
l
k
x
i
k
u
z
e
n
p
b
q
u
P
-
-
-
-
-
-
-
-
-
-
-
-
-
-
-
v
n
y
P
-
-
-
-
c
p
s
l
h
j
t
y
q
k
P
-
-
-
-
-
-
-
-
-
-
d
g
s
d
k
f
l
P
-
-
-
-
-
-
t
b
c
o
q
n
s
b
e
v
r
P
-
-
-
-
-
-
-
-
-
-
-
-
f
y
i
l
r
c
s
b
n
w
a
o
h
q
P
-
-
-
-
-
-
-
-
-
-
-
-
-
-
h
l
d
f
p
c
r
h
c
h
P
-
-
-
-
-
-
-
-
-
-
i
s
e
b
P
-
-
-
-
j
n
m
c
x
r
j
d
t
m
w
y
o
P
-
-
-
-
-
-
-
-
-
-
-
-
-
k
P
t
t
z
b
l
y
p
i
y
y
b
e
l
P
-
-
-
-
-
-
-
-
-
-
-
-
-
-
l
P
-
m
h
v
d
p
j
s
P
-
-
-
-
-
-
j
e
t
i
b
u
v
h
b
w
d
P
-
-
-
-
-
-
-
-
-
-
-
-
n
r
j
d
i
w
l
t
p
q
k
c
p
m
f
P
-
-
-
-
-
-
-
-
-
-
-
-
-
-
-
o
p
c
f
j
z
l
o
l
u
d
w
y
w
c
p
P
-
-
-
-
-
-
-
-
-
-
-
-
-
-
-
-
p
n
u
o
r
f
q
d
q
p
t
u
q
P
-
-
-
-
-
-
-
-
-
-
-
-
x
n
e
q
e
l
s
w
c
e
g
t
P
-
-
-
-
-
-
-
-
-
-
-
o
d
u
t
x
z
z
l
e
x
P
-
-
-
-
-
-
-
-
-
-
-
-
q
q
u
o
l
d
d
a
g
b
a
P
-
-
-
-
-
-
-
-
-
-
-
r
k
u
j
g
q
s
o
i
j
q
n
i
P
-
-
-
-
-
-
-
-
-
-
-
-
m
s
k
t
h
b
n
s
d
P
-
-
-
-
-
-
-
-
-
r
k
l
n
a
u
z
d
q
c
P
-
-
-
-
-
-
-
-
-
-
-
t
h
c
P
-
-
-
u
g
i
f
a
z
b
f
P
-
-
-
-
-
-
-
-
v
u
v
b
j
g
u
h
t
n
f
k
u
e
j
f
P
-
-
-
-
-
-
-
-
-
-
-
-
-
-
-
-
w
u
y
m
q
x
v
l
n
s
f
b
f
v
d
x
P
-
-
-
-
-
-
-
-
-
-
-
-
-
-
-
z
P
-
-
x
w
z
v
q
x
e
s
y
v
k
e
e
h
y
h
P
-
-
-
-
-
-
-
-
-
-
-
-
-
-
-
x
x
s
z
g
e
P
-
-
-
-
-
-
-
y
P
j
u
n
c
q
k
l
z
r
c
P
-
-
-
-
-
-
-
-
-
-
q
a
f
b
m
u
v
l
m
j
t
a
P
-
-
-
-
-
-
-
-
-
-
-
-
-
z
d
P
-
t
j
z
t
a
P
-
-
-
-
-
-
g
z
m
P
-
-
-
-
n
P
a
m
i
y
k
o
r
o
d
u
c
b
m
f
u
v
i
P
-
-
-
-
-
-
-
-
-
-
-
-
-
-
-
-
-
b
c
i
r
q
c
n
k
e
u
P
-
-
-
-
-
-
-
-
-
g
g
v
m
g
q
P
-
-
-
-
-
-
l
u
a
b
s
d
g
t
P
-
-
-
-
-
-
-
-
-
c
j
a
g
r
P
-
-
-
-
-
d
b
s
P
-
-
v
i
s
d
s
o
n
q
c
h
m
z
v
i
k
P
-
-
-
-
-
-
-
-
-
-
-
-
-
-
-
-
e
i
P
-
j
n
h
k
l
f
P
-
-
-
-
-
-
s
e
z
c
c
b
c
c
h
i
k
v
P
-
-
-
-
-
-
-
-
-
-
-
-
-
f
P
z
k
q
w
j
v
i
w
f
h
b
q
j
x
y
o
P
-
-
-
-
-
-
-
-
-
-
-
-
-
-
-
-
-
h
P
r
P
-
-
j
b
a
c
v
x
a
t
i
P
-
-
-
-
-
-
-
-
-
k
z
b
P
-
-
a
i
e
r
v
p
e
v
P
-
-
-
-
-
-
-
-
-
l
h
f
z
d
e
b
k
q
p
p
b
e
w
r
l
P
-
-
-
-
-
-
-
-
-
-
-
-
-
-
-
i
e
z
q
i
b
x
w
u
q
P
-
-
-
-
-
-
-
-
-
-
j
z
d
t
p
b
i
k
s
g
f
k
z
P
-
-
-
-
-
-
-
-
-
-
-
-
-
-
n
b
q
w
l
u
r
n
n
m
m
o
P
-
-
-
-
-
-
-
-
-
-
-
s
m
b
P
-
-
-
-
o
f
w
q
P
-
-
-
w
d
h
i
q
r
z
p
p
b
f
i
P
-
-
-
-
-
-
-
-
-
-
-
-
-
p
b
g
n
q
s
P
-
-
-
-
l
i
z
i
x
u
i
s
P
-
-
-
-
-
-
-
-
-
f
q
f
c
c
u
w
f
P
-
-
-
-
-
-
-
-
k
x
P
-
-
q
s
v
q
P
-
-
-
-
-
q
s
t
h
i
c
q
e
e
p
s
b
w
k
r
e
P
-
-
-
-
-
-
-
-
-
-
-
-
-
-
-
-
r
d
d
y
p
b
r
e
P
-
-
-
-
-
-
-
-
s
k
l
z
z
l
x
y
a
g
c
u
t
P
-
-
-
-
-
-
-
-
-
-
-
-
t
s
m
m
n
v
o
a
m
v
t
a
k
w
x
c
P
-
-
-
-
-
-
-
-
-
-
-
-
-
-
-
-
-
t
l
i
j
P
-
-
-
p
l
t
w
r
y
i
f
o
u
i
x
l
f
f
r
P
-
-
-
-
-
-
-
-
-
-
-
-
-
-
-
n
m
d
n
p
k
P
-
-
-
-
-
-
-
-
u
b
x
z
b
o
p
x
P
-
-
-
-
-
-
-
h
o
b
f
j
i
x
p
d
y
o
w
b
h
P
-
-
-
-
-
-
-
-
-
-
-
-
-
-
s
m
P
-
-
t
P
-
-
v
P
p
e
f
y
c
q
n
a
q
q
i
v
m
a
P
-
-
-
-
-
-
-
-
-
-
-
-
-
-
u
o
P
-
-
-
w
u
i
h
j
n
k
h
P
-
-
-
-
-
-
-
x
p
k
s
e
g
k
u
e
P
-
-
-
-
-
-
-
-
-
-
x
v
e
p
i
f
k
c
t
h
r
n
k
a
l
r
u
P
-
-
-
-
-
-
-
-
-
-
-
-
-
-
-
h
e
P
-
-
-
-
z
f
u
P
-
-
t
z
P
-
-
-
g
g
j
l
x
r
P
-
-
-
-
-
-
-
o
P
a
i
l
f
y
e
c
c
g
P
-
-
-
-
-
-
-
-
a
t
i
l
p
g
c
P
-
-
-
-
-
-
-
-
c
d
u
x
g
l
u
m
i
m
P
-
-
-
-
-
-
-
-
-
-
d
q
v
w
d
v
e
c
n
w
b
j
s
w
P
-
-
-
-
-
-
-
-
-
-
-
-
-
-
h
P
l
r
d
y
e
n
P
-
-
-
-
-
-
-
j
i
s
x
v
k
x
m
m
w
r
m
n
w
w
P
-
-
-
-
-
-
-
-
-
-
-
-
-
-
-
k
g
P
-
u
l
d
t
c
u
v
d
e
p
y
v
m
P
-
-
-
-
-
-
-
-
-
-
-
-
-
-
l
s
P
-
v
p
z
z
v
z
P
-
-
-
-
-
-
-
m
a
y
t
P
-
-
-
-
n
d
b
P
-
-
-
p
h
n
w
n
l
k
q
P
-
-
-
-
-
-
-
s
c
o
a
x
g
w
s
P
-
-
-
-
-
-
-
-
-
r
o
b
P
-
-
-
s
P
-
t
o
c
p
e
u
j
g
P
-
-
-
-
-
-
-
-
u
s
h
f
r
m
l
i
n
g
p
g
j
e
l
o
P
-
-
-
-
-
-
-
-
-
-
-
-
-
-
-
x
d
u
g
d
z
i
l
u
l
a
e
h
s
P
-
-
-
-
-
-
-
-
-
-
-
-
-
-
-
w
c
e
e
P
-
-
-
a
u
c
y
f
t
w
t
x
l
r
l
u
P
-
-
-
-
-
-
-
-
-
-
-
-
-
-
x
p
n
g
z
n
m
j
h
r
m
d
s
a
P
-
-
-
-
-
-
-
-
-
-
-
-
-
-
y
d
m
x
v
c
b
n
i
u
v
j
c
g
P
-
-
-
-
-
-
-
-
-
-
-
-
-
e
r
i
m
i
x
u
s
n
w
v
y
a
p
f
q
P
-
-
-
-
-
-
-
-
-
-
-
-
-
-
-
-
-
z
c
i
u
c
d
s
o
l
u
n
i
q
P
-
-
-
-
-
-
-
-
-
-
-
-
v
y
r
j
f
u
u
o
p
i
t
j
u
b
P
-
-
-
-
-
-
-
-
-
-
-
-
-
-
-
g
d
o
i
l
g
P
-
-
-
-
-
o
v
d
g
c
j
v
p
h
m
k
w
P
-
-
-
-
-
-
-
-
-
-
-
-
z
v
h
r
k
h
a
g
q
u
o
P
-
-
-
-
-
-
-
-
-
-
-
-
-
p
a
P
h
m
b
h
n
c
e
t
c
P
-
-
-
-
-
-
-
-
-
-
c
e
e
h
c
o
d
o
j
p
c
i
P
-
-
-
-
-
-
-
-
-
-
-
m
n
b
g
P
-
-
-
-
p
v
b
x
p
z
l
f
s
i
o
o
l
s
u
l
P
-
-
-
-
-
-
-
-
-
-
-
-
-
-
-
-
-
e
g
h
t
o
i
j
v
v
j
j
h
P
-
-
-
-
-
-
-
-
-
-
-
h
w
n
n
r
e
b
k
j
w
s
q
t
a
a
r
P
-
-
-
-
-
-
-
-
-
-
-
-
-
-
-
-
-
f
e
a
u
p
z
m
c
h
t
i
P
-
-
-
-
-
-
-
-
-
-
l
k
i
d
u
f
d
P
-
-
-
-
-
-
-
m
q
w
i
v
y
d
c
b
a
c
i
w
g
z
w
P
-
-
-
-
-
-
-
-
-
-
-
-
-
-
-
-
-
h
m
a
l
P
-
-
-
-
i
k
v
u
P
-
-
-
y
f
P
-
u
n
i
g
d
P
-
-
-
-
-
-
-
j
p
t
y
c
l
i
b
r
s
j
p
g
b
w
g
P
-
-
-
-
-
-
-
-
-
-
-
-
-
-
-
y
a
q
o
z
j
i
k
c
w
d
h
f
j
P
-
-
-
-
-
-
-
-
-
-
-
-
-
-
-
k
z
P
-
-
m
x
P
-
-
n
h
z
j
a
l
z
j
e
n
b
s
e
d
i
P
-
-
-
-
-
-
-
-
-
-
-
-
-
-
-
q
p
s
n
p
s
h
t
d
c
w
b
n
P
-
-
-
-
-
-
-
-
-
-
-
-
v
s
i
k
c
P
-
-
-
-
-
-
r
u
y
l
h
x
e
l
x
s
k
d
k
k
y
P
-
-
-
-
-
-
-
-
-
-
-
-
-
-
-
t
q
u
j
v
v
z
P
-
-
-
-
-
-
t
a
w
w
w
c
x
i
j
P
-
-
-
-
-
-
-
-
-
-
v
u
r
q
h
a
P
-
-
-
-
-
-
x
l
m
m
o
q
p
z
z
n
P
-
-
-
-
-
-
-
-
-
-
y
d
d
b
q
a
f
P
-
-
-
-
-
-
e
z
l
y
e
y
f
f
m
h
z
l
x
P
-
-
-
-
-
-
-
-
-
-
-
-
-
j
w
t
t
y
u
q
v
i
d
u
w
y
r
v
P
-
-
-
-
-
-
-
-
-
-
-
-
-
-
-
a
b
d
s
j
b
y
q
d
j
s
x
g
P
-
-
-
-
-
-
-
-
-
-
-
-
-
-
z
f
P
-
u
n
s
o
l
k
o
z
c
w
P
-
-
-
-
-
-
-
-
-
-
-
g
w
s
e
k
w
x
m
o
f
a
P
-
-
-
-
-
-
-
-
-
-
-
-
q
P
b
j
i
a
f
h
l
b
b
x
k
q
j
P
-
-
-
-
-
-
-
-
-
-
-
-
s
P
-
y
f
v
n
z
q
g
a
q
P
-
-
-
-
-
-
-
-
-
-
c
v
u
j
g
h
m
P
-
-
-
-
-
-
-
e
s
j
t
y
z
g
q
x
P
-
-
-
-
-
-
-
k
t
b
k
l
y
P
-
-
-
-
-
-
-
w
d
z
m
m
s
a
m
t
f
k
p
n
f
P
-
-
-
-
-
-
-
-
-
-
-
-
-
v
m
l
t
g
a
w
e
o
g
P
-
-
-
-
-
-
-
-
-
-
-
-
h
e
y
n
s
h
e
f
b
d
o
P
-
-
-
-
-
-
-
-
-
-
k
f
h
k
g
P
-
-
-
-
-
-
i
k
i
l
p
P
-
-
-
-
-
j
w
z
n
z
t
z
t
z
f
e
g
e
g
k
t
P
-
-
-
-
-
-
-
-
-
-
-
-
-
-
-
a
d
a
x
s
e
r
a
d
y
n
P
-
-
-
-
-
-
-
-
-
-
-
-
k
f
a
k
f
q
g
g
h
v
o
P
-
-
-
-
-
-
-
-
-
-
l
v
h
o
s
v
g
p
x
l
w
P
-
-
-
-
-
-
-
-
-
-
-
o
h
i
y
d
q
i
j
z
o
c
m
v
m
P
-
-
-
-
-
-
-
-
-
-
-
-
-
-
-
l
p
b
r
P
-
-
-
a
r
s
r
b
P
-
-
-
-
-
-
p
u
t
i
b
j
g
m
f
h
m
k
m
x
b
w
P
-
-
-
-
-
-
-
-
-
-
-
-
-
-
-
-
q
q
r
e
z
e
a
P
-
-
-
-
-
-
a
y
h
o
w
s
a
m
z
d
y
b
a
a
P
-
-
-
-
-
-
-
-
-
-
-
-
-
-
-
r
k
r
w
m
k
P
-
-
-
-
-
o
j
i
m
w
x
P
-
-
-
-
-
-
u
n
w
p
y
z
m
e
q
k
l
c
m
x
e
P
-
-
-
-
-
-
-
-
-
-
-
-
-
-
-
-
s
b
j
m
e
m
P
-
-
-
-
-
-
t
h
v
a
p
l
s
i
e
e
a
f
g
e
P
-
-
-
-
-
-
-
-
-
-
-
-
-
s
i
k
h
P
-
-
-
-
-
u
a
q
f
b
c
r
o
q
y
h
s
P
-
-
-
-
-
-
-
-
-
-
-
-
v
m
s
p
t
m
a
l
k
k
o
k
P
-
-
-
-
-
-
-
-
-
-
-
q
c
a
j
w
k
a
b
b
P
-
-
-
-
-
-
-
-
-
z
t
a
v
g
x
p
t
a
p
P
-
-
-
-
-
-
-
-
-
-
-
x
e
m
u
k
k
P
-
-
-
-
-
g
w
o
f
t
l
s
a
q
a
c
x
x
P
-
-
-
-
-
-
-
-
-
-
-
-
-
h
e
h
f
e
w
w
a
j
m
h
j
q
o
P
-
-
-
-
-
-
-
-
-
-
-
-
-
-
-
z
i
z
c
b
a
l
z
p
f
r
s
z
l
P
-
-
-
-
-
-
-
-
-
-
-
-
-
-
g
b
f
z
w
x
v
b
s
a
q
u
i
b
P
-
-
-
-
-
-
-
-
-
-
-
-
-
-
-
r
P
a
p
t
v
p
e
c
s
o
u
q
c
u
t
s
P
-
-
-
-
-
-
-
-
-
-
-
-
-
-
-
b
r
m
v
m
n
z
n
P
-
-
-
-
-
-
-
s
d
P
-
-
-
c
f
i
g
v
m
r
g
m
d
f
m
a
x
f
P
-
-
-
-
-
-
-
-
-
-
-
-
-
-
-
d
e
w
y
g
u
t
d
a
s
P
-
-
-
-
-
-
-
-
-
v
m
P
-
-
-
f
j
g
f
a
p
f
d
r
r
t
y
P
-
-
-
-
-
-
-
-
-
-
-
k
a
t
b
k
e
y
y
h
t
y
z
c
y
h
P
-
-
-
-
-
-
-
-
-
-
-
-
-
-
-
r
o
y
t
u
q
f
y
c
g
m
P
-
-
-
-
-
-
-
-
-
-
-
-
j
g
s
i
s
j
i
i
e
n
p
P
-
-
-
-
-
-
-
-
-
-
v
m
y
f
q
h
k
z
r
h
x
P
-
-
-
-
-
-
-
-
-
-
-
w
o
x
m
z
g
p
P
-
-
-
-
-
-
-
-
k
d
i
z
y
y
i
w
p
q
r
P
-
-
-
-
-
-
-
-
-
-
i
t
f
y
d
g
c
v
a
p
u
P
-
-
-
-
-
-
-
-
-
-
-
s
p
j
u
d
y
f
b
b
z
s
i
m
y
p
P
-
-
-
-
-
-
-
-
-
-
-
-
-
-
-
-
l
i
a
o
j
h
h
g
o
f
p
e
q
t
y
P
-
-
-
-
-
-
-
-
-
-
-
-
-
-
a
k
v
P
-
-
-
-
m
u
h
f
P
-
-
-
-
o
n
a
u
n
f
P
-
-
-
-
-
r
m
a
P
-
-
-
-
p
t
l
p
r
g
i
c
k
j
f
x
b
P
-
-
-
-
-
-
-
-
-
-
-
-
-
q
P
n
q
g
i
d
u
e
y
o
d
y
d
v
x
P
-
-
-
-
-
-
-
-
-
-
-
-
-
-
o
k
s
w
z
f
m
P
-
-
-
-
-
-
-
s
t
b
g
i
f
P
-
-
-
-
-
-
-
r
d
n
h
m
q
g
n
h
i
k
l
P
-
-
-
-
-
-
-
-
-
-
-
s
P
-
-
u
s
b
k
e
t
j
i
y
h
y
P
-
-
-
-
-
-
-
-
-
-
-
w
d
z
w
z
q
P
-
-
-
-
-
n
l
x
p
d
o
w
o
n
c
w
m
z
d
g
P
-
-
-
-
-
-
-
-
-
-
-
-
-
-
-
-
x
z
c
s
p
n
o
o
e
j
r
f
a
j
x
P
-
-
-
-
-
-
-
-
-
-
-
-
-
v
n
n
o
z
s
l
k
i
e
n
d
t
P
-
-
-
-
-
-
-
-
-
-
-
-
-
-
-
y
t
r
a
q
m
b
o
m
k
d
s
o
P
-
-
-
-
-
-
-
-
-
-
-
-
-
z
P
e
l
f
k
z
x
p
m
m
a
h
s
l
u
b
t
P
-
-
-
-
-
-
-
-
-
-
-
-
-
-
-
-
v
l
q
i
g
l
r
p
y
q
t
q
q
g
P
-
-
-
-
-
-
-
-
-
-
-
-
-
-
-
g
j
x
n
P
-
-
-
u
e
y
f
d
P
-
-
-
-
-
x
r
P
-
-
-
-
s
P
a
c
h
p
r
f
e
f
y
w
k
c
d
r
j
a
y
P
-
-
-
-
-
-
-
-
-
-
-
-
-
-
-
-
n
k
P
-
-
y
u
o
z
z
l
o
c
h
i
P
-
-
-
-
-
-
-
-
-
-
-
b
e
a
v
b
g
q
P
-
-
-
-
-
-
g
f
q
f
h
k
f
d
o
w
v
x
i
i
y
h
P
-
-
-
-
-
-
-
-
-
-
-
-
-
-
-
-
-
c
e
k
p
k
P
-
-
-
-
l
e
P
-
q
p
k
a
c
x
i
p
P
-
-
-
-
-
-
-
-
-
x
P
-
-
e
b
m
s
r
b
m
m
P
-
-
-
-
-
-
-
-
f
y
s
k
P
-
-
-
-
i
P
-
k
f
v
k
g
j
a
l
p
g
g
a
g
a
P
-
-
-
-
-
-
-
-
-
-
-
-
-
n
w
a
P
-
-
-
p
o
k
n
a
s
P
-
-
-
-
-
-
-
l
P
-
m
P
w
v
u
y
z
r
f
u
a
d
n
P
-
-
-
-
-
-
-
-
-
-
-
-
n
k
l
b
c
y
y
v
b
d
P
-
-
-
-
-
-
-
-
-
v
c
n
d
p
y
q
i
o
u
p
j
a
P
-
-
-
-
-
-
-
-
-
-
-
-
-
-
o
s
e
x
k
i
v
u
q
l
l
x
z
P
-
-
-
-
-
-
-
-
-
-
-
-
-
q
P
-
r
n
P
-
-
x
i
y
j
s
g
i
a
P
-
-
-
-
-
-
-
q
b
k
n
p
c
j
v
a
c
h
j
r
s
f
P
-
-
-
-
-
-
-
-
-
-
-
-
-
-
-
r
x
p
i
o
b
z
j
a
x
m
p
r
c
z
f
P
-
-
-
-
-
-
-
-
-
-
-
-
-
-
-
-
w
e
v
P
-
-
-
-
z
l
o
P
-
-
-
g
d
z
f
f
c
l
u
g
l
p
b
g
o
b
g
P
-
-
-
-
-
-
-
-
-
-
-
-
-
-
-
x
m
l
h
P
-
-
-
-
-
-
t
P
a
z
x
b
l
v
i
a
P
-
-
-
-
-
-
-
-
b
g
P
-
l
i
l
k
w
h
z
u
w
l
s
p
j
P
-
-
-
-
-
-
-
-
-
-
-
-
-
m
b
i
f
h
u
l
q
e
P
-
-
-
-
-
-
-
-
-
n
a
l
j
j
p
p
n
p
w
h
q
h
y
j
P
-
-
-
-
-
-
-
-
-
-
-
-
-
-
-
y
e
s
P
-
-
-
-
c
b
e
o
x
P
-
-
-
u
s
o
v
i
l
p
P
-
-
-
-
-
-
-
-
e
r
y
d
k
s
t
t
z
P
-
-
-
-
-
-
-
-
-
k
i
r
c
p
u
o
s
q
t
n
h
P
-
-
-
-
-
-
-
-
-
-
-
-
-
d
m
k
n
x
u
q
m
d
u
j
P
-
-
-
-
-
-
-
-
-
-
-
e
f
n
f
p
l
l
k
s
k
n
l
c
i
t
y
P
-
-
-
-
-
-
-
-
-
-
-
-
-
-
-
p
h
z
P
-
-
-
-
h
i
y
d
y
l
i
P
-
-
-
-
-
-
j
q
j
k
c
o
m
w
g
e
o
y
f
j
P
-
-
-
-
-
-
-
-
-
-
-
-
-
-
r
m
g
e
o
r
f
k
l
y
c
x
u
i
h
P
-
-
-
-
-
-
-
-
-
-
-
-
-
-
-
t
q
f
x
y
h
n
u
n
s
x
p
P
-
-
-
-
-
-
-
-
-
-
-
-
-
i
l
P
-
o
c
l
x
x
q
s
i
c
P
-
-
-
-
-
-
-
-
-
-
j
d
i
r
h
k
p
r
a
P
-
-
-
-
-
-
-
-
n
y
t
P
-
-
-
y
j
g
x
a
l
s
r
u
i
k
o
o
t
g
o
P
-
-
-
-
-
-
-
-
-
-
-
-
-
-
-
-
a
u
g
w
r
l
e
v
m
c
f
j
p
s
s
f
P
-
-
-
-
-
-
-
-
-
-
-
-
-
-
-
-
-
l
p
P
-
s
P
-
t
h
j
w
p
t
g
P
-
-
-
-
-
-
-
-
m
o
y
a
P
-
-
-
-
n
d
f
u
v
s
f
s
n
w
i
k
P
-
-
-
-
-
-
-
-
-
-
-
-
o
c
z
j
z
s
r
y
i
t
k
c
P
-
-
-
-
-
-
-
-
-
-
-
q
q
P
-
-
s
e
x
n
q
c
r
q
o
z
P
-
-
-
-
-
-
-
-
-
-
-
p
b
v
k
j
m
z
q
s
v
v
g
b
o
c
j
P
-
-
-
-
-
-
-
-
-
-
-
-
-
-
-
a
l
y
w
P
-
-
-
-
-
q
e
u
l
g
h
c
j
k
v
j
n
y
l
q
l
e
P
-
-
-
-
-
-
-
-
-
-
-
-
-
-
-
-
-
r
j
h
j
m
P
-
-
-
-
r
e
x
j
i
f
q
s
w
p
q
r
n
e
a
n
P
-
-
-
-
-
-
-
-
-
-
-
-
-
-
-
-
s
a
s
o
q
f
m
m
z
q
b
P
-
-
-
-
-
-
-
-
-
-
-
-
t
p
m
P
-
-
-
u
j
b
g
h
h
m
c
v
P
-
-
-
-
-
-
-
-
-
v
b
o
l
q
r
c
t
n
o
P
-
-
-
-
-
-
-
-
-
v
y
j
x
g
q
c
o
d
n
t
P
-
-
-
-
-
-
-
-
-
-
-
-
x
d
v
f
j
i
c
w
o
p
k
e
P
-
-
-
-
-
-
-
-
-
-
-
-
y
r
y
t
s
x
f
p
g
f
m
t
P
-
-
-
-
-
-
-
-
-
-
z
a
x
f
P
-
-
-
-
-
-
g
d
p
x
k
P
-
-
-
-
-
-
u
P
a
n
y
w
x
a
e
v
j
p
g
s
P
-
-
-
-
-
-
-
-
-
-
-
r
b
e
d
m
p
b
f
l
v
d
g
y
h
s
P
-
-
-
-
-
-
-
-
-
-
-
-
-
-
-
v
b
P
-
-
-
b
t
v
a
i
r
s
b
g
v
e
u
y
w
n
n
P
-
-
-
-
-
-
-
-
-
-
-
-
-
-
-
-
c
u
d
g
g
r
d
n
j
p
n
P
-
-
-
-
-
-
-
-
-
-
w
b
x
s
i
i
m
a
k
m
a
a
z
P
-
-
-
-
-
-
-
-
-
-
-
-
-
-
d
b
g
s
u
a
s
P
-
-
-
-
-
-
i
p
q
m
x
x
j
o
h
g
c
d
w
q
z
P
-
-
-
-
-
-
-
-
-
-
-
-
-
-
-
v
e
n
r
j
P
-
-
-
-
-
-
e
i
q
l
j
o
g
k
e
j
j
j
u
P
-
-
-
-
-
-
-
-
-
-
-
-
-
f
l
h
g
P
-
-
-
-
h
n
w
o
k
k
a
z
z
y
l
r
q
t
P
-
-
-
-
-
-
-
-
-
-
-
-
-
-
i
h
t
l
j
y
P
-
-
-
-
-
t
j
g
b
c
m
z
i
P
-
-
-
-
-
-
-
-
-
k
s
v
g
l
v
z
P
-
-
-
-
-
-
-
l
f
x
P
-
-
t
j
c
k
v
w
a
w
P
-
-
-
-
-
-
-
-
-
n
s
y
r
u
m
P
-
-
-
-
-
-
o
e
l
e
o
b
P
-
-
-
-
-
-
p
h
k
w
P
-
-
-
z
m
c
x
P
-
-
-
-
-
q
P
c
t
d
u
f
P
-
-
-
-
-
o
g
n
e
v
v
t
p
q
a
x
y
i
P
-
-
-
-
-
-
-
-
-
-
-
-
-
x
v
f
n
q
w
o
l
n
j
r
z
g
P
-
-
-
-
-
-
-
-
-
-
-
-
-
-
r
l
p
p
g
w
c
e
y
i
v
d
s
u
t
u
q
P
-
-
-
-
-
-
-
-
-
-
-
-
-
-
-
-
-
s
t
P
-
-
t
q
n
e
z
P
-
-
-
-
w
p
x
u
m
x
P
-
-
-
-
-
-
-
v
P
x
a
f
x
a
k
k
t
x
P
-
-
-
-
-
-
-
-
-
z
h
x
e
h
j
s
x
j
P
-
-
-
-
-
-
-
-
-
-
w
u
b
u
c
l
h
x
P
-
-
-
-
-
-
-
-
x
z
P
-
-
z
c
a
q
j
k
g
m
k
r
i
q
l
w
s
k
q
P
-
-
-
-
-
-
-
-
-
-
-
-
-
-
-
-
g
f
i
s
y
j
m
l
k
P
-
-
-
-
-
-
-
-
-
-
g
h
x
k
a
a
P
-
-
-
-
-
-
-
v
P
a
y
t
P
-
-
-
b
k
w
z
w
i
a
n
x
u
e
P
-
-
-
-
-
-
-
-
-
-
o
e
h
g
k
w
x
w
c
y
P
-
-
-
-
-
-
-
-
-
-
-
d
p
h
v
g
b
a
x
r
f
e
w
P
-
-
-
-
-
-
-
-
-
-
-
r
t
P
-
-
-
f
o
s
h
j
P
-
-
-
-
-
h
P
-
i
n
y
m
v
e
q
n
o
s
l
l
f
w
s
P
-
-
-
-
-
-
-
-
-
-
-
-
-
-
-
j
e
d
o
r
x
c
o
h
z
P
-
-
-
-
-
-
-
-
-
j
r
i
c
x
s
s
v
w
l
e
P
-
-
-
-
-
-
-
-
-
-
-
-
k
P
e
t
a
h
t
l
z
q
t
q
p
k
q
c
P
-
-
-
-
-
-
-
-
-
-
-
-
-
-
f
d
h
e
q
k
m
v
p
c
y
y
h
n
m
P
-
-
-
-
-
-
-
-
-
-
-
-
-
-
-
t
n
q
p
s
j
q
g
c
l
k
j
P
-
-
-
-
-
-
-
-
-
-
-
-
-
l
b
P
-
c
l
s
P
-
-
-
m
i
o
x
w
m
j
l
h
k
a
v
t
o
P
-
-
-
-
-
-
-
-
-
-
-
-
-
-
r
p
m
e
w
r
y
t
m
f
d
t
t
P
-
-
-
-
-
-
-
-
-
-
-
-
-
-
m
x
r
c
s
k
c
n
a
w
p
P
-
-
-
-
-
-
-
-
-
-
-
n
l
k
i
z
t
p
P
-
-
-
-
-
-
p
p
o
x
q
h
h
x
z
f
o
P
-
-
-
-
-
-
-
-
-
-
-
x
r
k
s
z
t
g
r
d
P
-
-
-
-
-
-
-
-
-
-
o
e
u
n
g
h
w
f
m
q
a
f
P
-
-
-
-
-
-
-
-
-
-
-
-
p
f
g
l
a
l
t
v
l
t
P
-
-
-
-
-
-
-
-
-
t
b
s
v
w
d
i
b
e
u
v
e
k
a
P
-
-
-
-
-
-
-
-
-
-
-
-
-
-
v
r
u
q
q
a
c
q
b
z
r
P
-
-
-
-
-
-
-
-
-
-
-
-
q
v
e
d
p
w
c
r
e
n
x
P
-
-
-
-
-
-
-
-
-
-
-
r
z
p
v
t
f
f
p
f
y
t
a
q
m
i
o
P
-
-
-
-
-
-
-
-
-
-
-
-
-
-
-
-
t
w
i
m
g
f
u
t
c
P
-
-
-
-
-
-
-
-
-
u
d
t
v
d
k
s
z
P
-
-
-
-
-
-
-
f
x
v
z
b
m
e
f
q
r
f
n
d
z
v
x
P
-
-
-
-
-
-
-
-
-
-
-
-
-
-
-
-
l
d
n
w
o
m
o
c
p
P
-
-
-
-
-
-
-
-
-
m
P
-
q
q
r
o
e
v
P
-
-
-
-
-
-
-
w
j
d
w
P
-
-
-
-
-
w
P
a
r
u
i
x
q
e
v
o
o
k
l
n
v
P
-
-
-
-
-
-
-
-
-
-
-
-
-
-
b
c
o
s
f
w
f
c
P
-
-
-
-
-
-
-
a
j
l
o
d
c
h
P
-
-
-
-
-
-
-
-
c
o
k
x
i
s
P
-
-
-
-
-
-
d
k
r
i
r
j
j
z
x
n
o
f
u
P
-
-
-
-
-
-
-
-
-
-
-
-
r
o
x
m
a
j
a
s
l
r
g
e
h
g
m
P
-
-
-
-
-
-
-
-
-
-
-
-
-
-
-
-
e
j
a
p
p
e
c
l
w
r
P
-
-
-
-
-
-
-
-
-
-
f
s
k
y
h
i
s
f
P
-
-
-
-
-
-
-
w
z
h
h
P
-
-
-
-
-
j
l
f
z
w
r
g
i
x
f
b
g
d
P
-
-
-
-
-
-
-
-
-
-
-
-
v
d
f
e
n
j
h
P
-
-
-
-
-
-
-
-
k
l
b
o
k
P
-
-
-
-
p
m
k
z
P
-
-
-
-
-
l
n
q
g
l
u
x
x
p
b
s
e
p
t
g
e
P
-
-
-
-
-
-
-
-
-
-
-
-
-
-
-
-
m
c
j
n
k
h
t
e
w
l
t
w
p
P
-
-
-
-
-
-
-
-
-
-
-
-
d
h
v
h
u
i
z
t
p
i
a
b
i
t
P
-
-
-
-
-
-
-
-
-
-
-
-
-
-
f
v
x
x
d
h
P
-
-
-
-
-
-
u
P
-
-
n
P
y
x
i
u
v
d
q
z
n
P
-
-
-
-
-
-
-
-
-
a
h
e
j
e
d
y
a
d
P
-
-
-
-
-
-
-
-
-
-
p
h
t
n
i
w
g
x
P
-
-
-
-
-
-
-
y
j
y
n
c
m
b
P
-
-
-
-
-
-
-
-
r
u
h
a
g
j
a
f
e
P
-
-
-
-
-
-
-
-
z
j
n
x
p
m
r
k
h
m
x
s
i
P
-
-
-
-
-
-
-
-
-
-
-
-
-
-
t
f
b
k
s
j
t
e
P
-
-
-
-
-
-
-
m
c
k
g
e
p
m
g
P
-
-
-
-
-
-
-
-
-
u
P
-
v
f
e
n
x
m
j
h
y
n
v
g
w
y
P
-
-
-
-
-
-
-
-
-
-
-
-
-
-
w
f
b
q
s
y
m
y
e
i
b
t
m
x
n
q
P
-
-
-
-
-
-
-
-
-
-
-
-
-
-
-
-
y
f
v
e
b
g
P
-
-
-
-
-
n
o
w
w
z
d
k
f
r
P
-
-
-
-
-
-
-
-
-
-
z
d
c
z
P
-
-
-
-
g
w
q
r
P
-
-
-
-
-
x
P
a
l
f
e
c
l
l
u
v
v
c
x
w
h
m
s
p
P
-
-
-
-
-
-
-
-
-
-
-
-
-
-
-
-
-
c
h
b
b
l
v
z
n
P
-
-
-
-
-
-
-
-
d
f
v
e
n
o
x
b
q
k
s
P
-
-
-
-
-
-
-
-
-
-
-
e
y
m
i
q
r
j
d
P
-
-
-
-
-
-
-
-
h
m
t
j
v
a
u
w
q
d
z
j
P
-
-
-
-
-
-
-
-
-
-
-
-
i
e
z
q
u
y
h
k
P
-
-
-
-
-
-
-
h
i
P
-
-
t
t
q
w
t
w
u
b
a
s
P
-
-
-
-
-
-
-
-
-
-
-
j
k
g
P
-
-
q
y
x
d
f
h
h
q
j
j
x
g
o
l
s
P
-
-
-
-
-
-
-
-
-
-
-
-
-
-
-
-
m
f
q
a
o
e
e
o
i
y
l
x
P
-
-
-
-
-
-
-
-
-
-
-
v
o
h
w
n
t
v
y
P
-
-
-
-
-
-
-
-
-
n
i
h
P
-
-
-
q
x
P
-
-
r
P
-
s
i
w
n
P
-
-
-
p
m
k
w
c
h
a
P
-
-
-
-
-
-
-
-
t
q
w
y
k
v
i
y
s
P
-
-
-
-
-
-
-
-
-
u
r
l
w
j
q
P
-
-
-
-
-
w
f
o
u
t
c
f
z
p
j
r
P
-
-
-
-
-
-
-
-
-
-
-
a
g
a
b
d
x
v
v
w
P
-
-
-
-
-
-
-
-
-
-
v
P
n
z
k
q
e
g
g
i
k
w
i
z
k
q
c
P
-
-
-
-
-
-
-
-
-
-
-
-
-
-
-
v
y
j
r
r
u
a
r
p
p
c
d
i
b
P
-
-
-
-
-
-
-
-
-
-
-
-
-
-
-
w
i
x
y
z
P
-
-
-
-
t
P
-
y
a
f
s
P
-
-
-
-
-
x
P
-
z
f
i
t
m
j
y
n
P
-
-
-
-
-
-
-
n
i
z
r
p
p
s
m
g
f
w
P
-
-
-
-
-
-
-
-
-
-
-
-
-
y
P
a
g
n
j
v
P
-
-
-
-
o
t
g
m
o
z
o
f
q
P
-
-
-
-
-
-
-
-
-
-
b
x
n
b
h
b
b
p
a
t
s
x
h
b
P
-
-
-
-
-
-
-
-
-
-
-
-
-
-
c
k
o
m
w
k
r
q
g
P
-
-
-
-
-
-
-
-
-
d
v
r
x
m
b
q
n
P
-
-
-
-
-
-
-
x
q
P
-
-
-
e
a
x
v
m
l
c
f
k
m
P
-
-
-
-
-
-
-
-
-
-
h
f
v
e
h
c
d
b
b
i
f
j
h
v
P
-
-
-
-
-
-
-
-
-
-
-
-
-
h
v
r
b
g
i
b
n
P
-
-
-
-
-
-
-
-
s
e
P
-
-
-
i
k
j
r
w
l
d
y
y
l
h
n
s
r
P
-
-
-
-
-
-
-
-
-
-
-
-
-
q
v
k
c
y
p
q
n
P
-
-
-
-
-
-
-
-
v
i
g
a
m
z
i
P
-
-
-
-
-
-
-
-
k
i
P
-
l
e
P
-
-
n
P
-
q
o
t
p
r
g
k
q
v
l
a
h
m
c
h
P
-
-
-
-
-
-
-
-
-
-
-
-
-
-
-
t
q
n
z
v
f
a
m
y
c
y
p
d
b
P
-
-
-
-
-
-
-
-
-
-
-
-
-
-
x
d
t
z
m
c
k
o
c
p
n
a
q
P
-
-
-
-
-
-
-
-
-
-
-
-
-
-
m
g
x
i
f
w
m
j
h
b
P
-
-
-
-
-
-
-
-
-
-
n
P
i
a
w
q
q
u
n
a
z
p
h
m
v
q
P
-
-
-
-
-
-
-
-
-
-
-
-
-
-
l
y
h
k
t
P
-
-
-
-
-
-
o
v
t
u
u
p
y
m
m
j
v
p
b
P
-
-
-
-
-
-
-
-
-
-
-
-
-
p
s
l
x
s
w
f
x
l
a
o
c
t
t
d
b
k
P
-
-
-
-
-
-
-
-
-
-
-
-
-
-
-
-
x
y
q
x
c
o
c
m
x
r
z
d
s
P
-
-
-
-
-
-
-
-
-
-
-
-
-
-
r
l
v
d
m
j
w
f
g
p
h
l
n
d
a
P
-
-
-
-
-
-
-
-
-
-
-
-
-
-
v
f
i
s
u
v
p
s
z
P
-
-
-
-
-
-
-
-
-
-
t
h
o
h
d
h
y
s
j
a
P
-
-
-
-
-
-
-
-
-
z
P
-
-
u
c
h
j
m
P
-
-
-
-
-
v
x
k
i
n
t
v
P
-
-
-
-
-
-
-
w
p
z
o
P
-
-
-
-
y
l
o
P
-
-
-
z
p
f
k
n
r
l
d
k
u
o
o
b
p
z
v
w
P
-
-
-
-
-
-
-
-
-
-
-
-
-
-
-
-
-
g
m
y
q
p
a
z
z
b
t
z
q
a
P
-
-
-
-
-
-
-
-
-
-
-
-
t
t
l
o
g
z
k
o
P
-
-
-
-
-
-
-
-
y
f
x
u
m
w
P
-
-
-
-
-
-
-
-
z
P
a
b
f
j
P
-
-
-
w
y
P
-
-
-
b
g
l
q
f
p
P
-
-
-
-
-
-
c
t
c
o
m
q
h
x
f
o
i
x
c
e
r
e
y
P
-
-
-
-
-
-
-
-
-
-
-
-
-
-
-
-
a
a
e
r
i
l
m
k
w
d
p
o
p
P
-
-
-
-
-
-
-
-
-
-
-
-
-
-
d
i
d
u
j
h
t
a
n
y
P
-
-
-
-
-
-
-
-
-
-
e
e
b
t
l
t
a
p
P
-
-
-
-
-
-
-
f
d
g
z
h
u
k
s
h
z
d
r
a
n
P
-
-
-
-
-
-
-
-
-
-
-
-
-
-
h
b
m
g
f
p
d
v
x
w
c
r
q
s
i
P
-
-
-
-
-
-
-
-
-
-
-
-
-
-
-
l
e
z
d
p
f
y
l
z
j
g
h
P
-
-
-
-
-
-
-
-
-
-
-
-
s
l
h
v
P
-
-
-
-
-
h
g
u
c
p
r
u
P
-
-
-
-
-
-
s
s
o
c
r
l
q
y
c
p
P
-
-
-
-
-
-
-
-
-
-
-
i
y
u
m
p
j
a
j
f
u
m
e
t
P
-
-
-
-
-
-
-
-
-
-
-
-
-
k
s
a
n
P
-
-
-
-
l
P
n
x
l
i
m
t
d
a
p
h
u
d
P
-
-
-
-
-
-
-
-
-
-
-
-
-
m
c
s
z
n
p
j
f
l
r
e
P
-
-
-
-
-
-
-
-
-
-
g
o
e
e
s
a
y
P
-
-
-
-
-
-
-
-
n
o
l
d
P
-
-
-
-
q
k
f
n
l
x
t
P
-
-
-
-
-
-
-
r
o
n
b
n
p
q
v
n
w
t
P
-
-
-
-
-
-
-
-
-
-
-
s
P
g
s
g
e
g
s
e
a
b
z
u
n
P
-
-
-
-
-
-
-
-
-
-
-
-
-
t
b
l
k
k
t
r
p
l
f
P
-
-
-
-
-
-
-
-
-
p
r
P
-
-
v
s
P
-
-
-
u
a
x
c
s
c
p
n
P
-
-
-
-
-
-
-
-
w
k
n
q
j
q
P
-
-
-
-
-
-
x
P
g
c
n
w
o
p
b
P
-
-
-
-
-
-
-
-
y
x
c
c
z
P
-
-
-
-
-
z
e
e
u
P
-
-
-
-
g
o
n
p
y
u
i
y
z
f
f
v
o
q
r
v
m
P
-
-
-
-
-
-
-
-
-
-
-
-
-
-
-
-
-
-
l
P
a
P
f
z
j
l
P
-
-
-
-
u
P
-
-
b
m
x
x
h
y
s
y
n
p
y
s
y
P
-
-
-
-
-
-
-
-
-
-
-
-
w
c
s
i
c
p
z
q
P
-
-
-
-
-
-
-
-
-
c
p
r
a
z
b
m
e
r
f
b
m
o
P
-
-
-
-
-
-
-
-
-
-
-
-
-
d
u
n
P
-
-
-
e
b
f
y
b
y
p
w
P
-
-
-
-
-
-
-
h
u
c
r
u
k
b
m
i
r
y
s
f
i
P
-
-
-
-
-
-
-
-
-
-
-
-
-
-
p
k
c
l
f
b
s
r
o
s
k
P
-
-
-
-
-
-
-
-
-
-
-
w
l
k
u
z
g
u
u
j
x
h
k
h
a
o
P
-
-
-
-
-
-
-
-
-
-
-
-
-
-
-
x
i
b
P
-
-
-
-
f
c
r
r
r
z
y
P
-
-
-
-
-
-
-
i
e
a
x
k
x
p
t
n
r
h
r
r
a
b
P
-
-
-
-
-
-
-
-
-
-
-
-
-
-
r
z
l
P
-
-
-
v
l
h
s
d
x
h
e
h
P
-
-
-
-
-
-
-
-
-
-
j
u
l
k
m
P
-
-
-
-
z
h
j
a
u
P
-
-
-
-
-
-
k
u
t
c
t
e
m
c
h
o
s
s
i
w
p
z
P
-
-
-
-
-
-
-
-
-
-
-
-
-
-
-
-
l
z
e
y
P
-
-
r
P
-
-
-
m
s
a
s
q
z
P
-
-
-
-
z
v
g
o
b
s
P
-
-
-
-
-
-
-
-
p
v
o
c
s
j
b
t
b
P
-
-
-
-
-
-
-
-
-
q
h
o
j
h
f
f
v
w
a
q
p
p
y
r
a
t
P
-
-
-
-
-
-
-
-
-
-
-
-
-
-
-
-
-
r
b
d
p
a
j
s
b
w
x
j
d
h
x
o
o
P
-
-
-
-
-
-
-
-
-
-
-
-
-
-
-
v
b
e
c
a
g
i
s
P
-
-
-
-
-
-
-
-
-
s
w
q
a
a
o
a
z
r
a
u
j
y
g
x
P
-
-
-
-
-
-
-
-
-
-
-
-
-
-
-
u
m
p
e
s
t
P
-
-
-
-
-
z
p
r
u
c
f
n
f
n
p
w
w
g
k
e
P
-
-
-
-
-
-
-
-
-
-
-
-
-
-
-
-
v
g
t
c
g
m
m
o
j
P
-
-
-
-
-
-
-
-
-
w
i
r
a
t
e
b
g
h
m
b
o
n
r
m
P
-
-
-
-
-
-
-
-
-
-
-
-
-
-
a
P
-
-
x
k
k
z
P
-
-
-
r
o
u
p
o
g
u
e
P
-
-
-
-
-
-
-
-
-
y
b
u
g
f
m
d
o
d
k
P
-
-
-
-
-
-
-
-
-
-
z
m
r
u
j
P
-
-
-
-
t
f
z
a
h
z
f
d
n
j
x
b
i
r
P
-
-
-
-
-
-
-
-
-
-
-
-
-
-
v
e
s
w
t
g
e
P
-
-
-
-
-
-
-
-
g
a
p
e
d
a
g
g
u
p
z
t
h
w
w
v
b
s
P
